// Jest Snapshot v1, https://goo.gl/fbAQLP

exports[`BoilerPlateView should match a snapshot 1`] = `
ShallowWrapper {
  Symbol(enzyme.__root__): [Circular],
  Symbol(enzyme.__unrendered__): <Unknown
    error="Error - GitHub User Not Found"
    handleOnChange={[Function]}
    handleOnClick={[Function]}
    user={
        Object {
            "login": "jsweet314",
          }
    }
/>,
  Symbol(enzyme.__renderer__): Object {
    "batchedUpdates": [Function],
    "getNode": [Function],
    "render": [Function],
    "simulateError": [Function],
    "simulateEvent": [Function],
    "unmount": [Function],
  },
  Symbol(enzyme.__node__): Object {
    "instance": null,
    "key": undefined,
    "nodeType": "host",
    "props": Object {
      "children": Array [
        <h1>
          React/Redux Boilerplate
</h1>,
        <p>
          Includes:
</p>,
        <ul>
          <a
                    href="https://github.com/reduxjs/redux"
                    rel="noopener noreferrer"
                    target="_blank"
          >
                    <li>
                              Redux
                    </li>
          </a>
          <a
                    href="https://github.com/redux-saga/redux-saga"
                    rel="noopener noreferrer"
                    target="_blank"
          >
                    <li>
                              Redux-Saga Middleware
                    </li>
          </a>
          <li>
                    Testing w/
                     
                    <a
                              href="https://github.com/facebook/jest"
                              rel="noopener noreferrer"
                              target="_blank"
                    >
                              Jest
                    </a>
                     
                    +
                     
                    <a
                              href="https://github.com/airbnb/enzyme"
                              rel="noopener noreferrer"
                              target="_blank"
                    >
                              Enzyme
                    </a>
          </li>
</ul>,
        <p>
          This app is bootstrapped on top of
           
          <a
                    href="https://github.com/facebook/create-react-app"
                    rel="noopener noreferrer"
                    target="_blank"
          >
                    Create-React-App
          </a>
</p>,
        <input
          name="inputValue"
          onChange={[Function]}
          placeholder="GitHub Username"
          value={undefined}
/>,
        <button
          onClick={[Function]}
>
          Test Middleware
</button>,
        <p>
          Error - GitHub User Not Found
</p>,
      ],
    },
    "ref": null,
    "rendered": Array [
      Object {
        "instance": null,
        "key": undefined,
        "nodeType": "host",
        "props": Object {
          "children": "React/Redux Boilerplate",
        },
        "ref": null,
        "rendered": "React/Redux Boilerplate",
        "type": "h1",
      },
      Object {
        "instance": null,
        "key": undefined,
        "nodeType": "host",
        "props": Object {
          "children": "Includes:",
        },
        "ref": null,
        "rendered": "Includes:",
        "type": "p",
      },
      Object {
        "instance": null,
        "key": undefined,
        "nodeType": "host",
        "props": Object {
          "children": Array [
            <a
              href="https://github.com/reduxjs/redux"
              rel="noopener noreferrer"
              target="_blank"
>
              <li>
                            Redux
              </li>
</a>,
            <a
              href="https://github.com/redux-saga/redux-saga"
              rel="noopener noreferrer"
              target="_blank"
>
              <li>
                            Redux-Saga Middleware
              </li>
</a>,
            <li>
              Testing w/
               
              <a
                            href="https://github.com/facebook/jest"
                            rel="noopener noreferrer"
                            target="_blank"
              >
                            Jest
              </a>
               
              +
               
              <a
                            href="https://github.com/airbnb/enzyme"
                            rel="noopener noreferrer"
                            target="_blank"
              >
                            Enzyme
              </a>
</li>,
          ],
        },
        "ref": null,
        "rendered": Array [
          Object {
            "instance": null,
            "key": undefined,
            "nodeType": "host",
            "props": Object {
              "children": <li>
                Redux
</li>,
              "href": "https://github.com/reduxjs/redux",
              "rel": "noopener noreferrer",
              "target": "_blank",
            },
            "ref": null,
            "rendered": Object {
              "instance": null,
              "key": undefined,
              "nodeType": "host",
              "props": Object {
                "children": "Redux",
              },
              "ref": null,
              "rendered": "Redux",
              "type": "li",
            },
            "type": "a",
          },
          Object {
            "instance": null,
            "key": undefined,
            "nodeType": "host",
            "props": Object {
              "children": <li>
                Redux-Saga Middleware
</li>,
              "href": "https://github.com/redux-saga/redux-saga",
              "rel": "noopener noreferrer",
              "target": "_blank",
            },
            "ref": null,
            "rendered": Object {
              "instance": null,
              "key": undefined,
              "nodeType": "host",
              "props": Object {
                "children": "Redux-Saga Middleware",
              },
              "ref": null,
              "rendered": "Redux-Saga Middleware",
              "type": "li",
            },
            "type": "a",
          },
          Object {
            "instance": null,
            "key": undefined,
            "nodeType": "host",
            "props": Object {
              "children": Array [
                "Testing w/",
                " ",
                <a
                  href="https://github.com/facebook/jest"
                  rel="noopener noreferrer"
                  target="_blank"
>
                  Jest
</a>,
                " ",
                "+",
                " ",
                <a
                  href="https://github.com/airbnb/enzyme"
                  rel="noopener noreferrer"
                  target="_blank"
>
                  Enzyme
</a>,
              ],
            },
            "ref": null,
            "rendered": Array [
              "Testing w/",
              " ",
              Object {
                "instance": null,
                "key": undefined,
                "nodeType": "host",
                "props": Object {
                  "children": "Jest",
                  "href": "https://github.com/facebook/jest",
                  "rel": "noopener noreferrer",
                  "target": "_blank",
                },
                "ref": null,
                "rendered": "Jest",
                "type": "a",
              },
              " ",
              "+",
              " ",
              Object {
                "instance": null,
                "key": undefined,
                "nodeType": "host",
                "props": Object {
                  "children": "Enzyme",
                  "href": "https://github.com/airbnb/enzyme",
                  "rel": "noopener noreferrer",
                  "target": "_blank",
                },
                "ref": null,
                "rendered": "Enzyme",
                "type": "a",
              },
            ],
            "type": "li",
          },
        ],
        "type": "ul",
      },
      Object {
        "instance": null,
        "key": undefined,
        "nodeType": "host",
        "props": Object {
          "children": Array [
            "This app is bootstrapped on top of",
            " ",
            <a
              href="https://github.com/facebook/create-react-app"
              rel="noopener noreferrer"
              target="_blank"
>
              Create-React-App
</a>,
          ],
        },
        "ref": null,
        "rendered": Array [
          "This app is bootstrapped on top of",
          " ",
          Object {
            "instance": null,
            "key": undefined,
            "nodeType": "host",
            "props": Object {
              "children": "Create-React-App",
              "href": "https://github.com/facebook/create-react-app",
              "rel": "noopener noreferrer",
              "target": "_blank",
            },
            "ref": null,
            "rendered": "Create-React-App",
            "type": "a",
          },
        ],
        "type": "p",
      },
      Object {
        "instance": null,
        "key": undefined,
        "nodeType": "host",
        "props": Object {
          "name": "inputValue",
          "onChange": [Function],
          "placeholder": "GitHub Username",
          "value": undefined,
        },
        "ref": null,
        "rendered": null,
        "type": "input",
      },
      Object {
        "instance": null,
        "key": undefined,
        "nodeType": "host",
        "props": Object {
          "children": "Test Middleware",
          "onClick": [Function],
        },
        "ref": null,
        "rendered": "Test Middleware",
        "type": "button",
      },
      Object {
        "instance": null,
        "key": undefined,
        "nodeType": "host",
        "props": Object {
          "children": "Error - GitHub User Not Found",
        },
        "ref": null,
        "rendered": "Error - GitHub User Not Found",
        "type": "p",
      },
    ],
    "type": "div",
  },
  Symbol(enzyme.__nodes__): Array [
    Object {
      "instance": null,
      "key": undefined,
      "nodeType": "host",
      "props": Object {
        "children": Array [
          <h1>
            React/Redux Boilerplate
</h1>,
          <p>
            Includes:
</p>,
          <ul>
            <a
                        href="https://github.com/reduxjs/redux"
                        rel="noopener noreferrer"
                        target="_blank"
            >
                        <li>
                                    Redux
                        </li>
            </a>
            <a
                        href="https://github.com/redux-saga/redux-saga"
                        rel="noopener noreferrer"
                        target="_blank"
            >
                        <li>
                                    Redux-Saga Middleware
                        </li>
            </a>
            <li>
                        Testing w/
                         
                        <a
                                    href="https://github.com/facebook/jest"
                                    rel="noopener noreferrer"
                                    target="_blank"
                        >
                                    Jest
                        </a>
                         
                        +
                         
                        <a
                                    href="https://github.com/airbnb/enzyme"
                                    rel="noopener noreferrer"
                                    target="_blank"
                        >
                                    Enzyme
                        </a>
            </li>
</ul>,
          <p>
            This app is bootstrapped on top of
             
            <a
                        href="https://github.com/facebook/create-react-app"
                        rel="noopener noreferrer"
                        target="_blank"
            >
                        Create-React-App
            </a>
</p>,
          <input
            name="inputValue"
            onChange={[Function]}
            placeholder="GitHub Username"
            value={undefined}
/>,
          <button
            onClick={[Function]}
>
            Test Middleware
</button>,
          <p>
            Error - GitHub User Not Found
</p>,
        ],
      },
      "ref": null,
      "rendered": Array [
        Object {
          "instance": null,
          "key": undefined,
          "nodeType": "host",
          "props": Object {
            "children": "React/Redux Boilerplate",
          },
          "ref": null,
          "rendered": "React/Redux Boilerplate",
          "type": "h1",
        },
        Object {
          "instance": null,
          "key": undefined,
          "nodeType": "host",
          "props": Object {
            "children": "Includes:",
          },
          "ref": null,
          "rendered": "Includes:",
          "type": "p",
        },
        Object {
          "instance": null,
          "key": undefined,
          "nodeType": "host",
          "props": Object {
            "children": Array [
              <a
                href="https://github.com/reduxjs/redux"
                rel="noopener noreferrer"
                target="_blank"
>
                <li>
                                Redux
                </li>
</a>,
              <a
                href="https://github.com/redux-saga/redux-saga"
                rel="noopener noreferrer"
                target="_blank"
>
                <li>
                                Redux-Saga Middleware
                </li>
</a>,
              <li>
                Testing w/
                 
                <a
                                href="https://github.com/facebook/jest"
                                rel="noopener noreferrer"
                                target="_blank"
                >
                                Jest
                </a>
                 
                +
                 
                <a
                                href="https://github.com/airbnb/enzyme"
                                rel="noopener noreferrer"
                                target="_blank"
                >
                                Enzyme
                </a>
</li>,
            ],
          },
          "ref": null,
          "rendered": Array [
            Object {
              "instance": null,
              "key": undefined,
              "nodeType": "host",
              "props": Object {
                "children": <li>
                  Redux
</li>,
                "href": "https://github.com/reduxjs/redux",
                "rel": "noopener noreferrer",
                "target": "_blank",
              },
              "ref": null,
              "rendered": Object {
                "instance": null,
                "key": undefined,
                "nodeType": "host",
                "props": Object {
                  "children": "Redux",
                },
                "ref": null,
                "rendered": "Redux",
                "type": "li",
              },
              "type": "a",
            },
            Object {
              "instance": null,
              "key": undefined,
              "nodeType": "host",
              "props": Object {
                "children": <li>
                  Redux-Saga Middleware
</li>,
                "href": "https://github.com/redux-saga/redux-saga",
                "rel": "noopener noreferrer",
                "target": "_blank",
              },
              "ref": null,
              "rendered": Object {
                "instance": null,
                "key": undefined,
                "nodeType": "host",
                "props": Object {
                  "children": "Redux-Saga Middleware",
                },
                "ref": null,
                "rendered": "Redux-Saga Middleware",
                "type": "li",
              },
              "type": "a",
            },
            Object {
              "instance": null,
              "key": undefined,
              "nodeType": "host",
              "props": Object {
                "children": Array [
                  "Testing w/",
                  " ",
                  <a
                    href="https://github.com/facebook/jest"
                    rel="noopener noreferrer"
                    target="_blank"
>
                    Jest
</a>,
                  " ",
                  "+",
                  " ",
                  <a
                    href="https://github.com/airbnb/enzyme"
                    rel="noopener noreferrer"
                    target="_blank"
>
                    Enzyme
</a>,
                ],
              },
              "ref": null,
              "rendered": Array [
                "Testing w/",
                " ",
                Object {
                  "instance": null,
                  "key": undefined,
                  "nodeType": "host",
                  "props": Object {
                    "children": "Jest",
                    "href": "https://github.com/facebook/jest",
                    "rel": "noopener noreferrer",
                    "target": "_blank",
                  },
                  "ref": null,
                  "rendered": "Jest",
                  "type": "a",
                },
                " ",
                "+",
                " ",
                Object {
                  "instance": null,
                  "key": undefined,
                  "nodeType": "host",
                  "props": Object {
                    "children": "Enzyme",
                    "href": "https://github.com/airbnb/enzyme",
                    "rel": "noopener noreferrer",
                    "target": "_blank",
                  },
                  "ref": null,
                  "rendered": "Enzyme",
                  "type": "a",
                },
              ],
              "type": "li",
            },
          ],
          "type": "ul",
        },
        Object {
          "instance": null,
          "key": undefined,
          "nodeType": "host",
          "props": Object {
            "children": Array [
              "This app is bootstrapped on top of",
              " ",
              <a
                href="https://github.com/facebook/create-react-app"
                rel="noopener noreferrer"
                target="_blank"
>
                Create-React-App
</a>,
            ],
          },
          "ref": null,
          "rendered": Array [
            "This app is bootstrapped on top of",
            " ",
            Object {
              "instance": null,
              "key": undefined,
              "nodeType": "host",
              "props": Object {
                "children": "Create-React-App",
                "href": "https://github.com/facebook/create-react-app",
                "rel": "noopener noreferrer",
                "target": "_blank",
              },
              "ref": null,
              "rendered": "Create-React-App",
              "type": "a",
            },
          ],
          "type": "p",
        },
        Object {
          "instance": null,
          "key": undefined,
          "nodeType": "host",
          "props": Object {
            "name": "inputValue",
            "onChange": [Function],
            "placeholder": "GitHub Username",
            "value": undefined,
          },
          "ref": null,
          "rendered": null,
          "type": "input",
        },
        Object {
          "instance": null,
          "key": undefined,
          "nodeType": "host",
          "props": Object {
            "children": "Test Middleware",
            "onClick": [Function],
          },
          "ref": null,
          "rendered": "Test Middleware",
          "type": "button",
        },
        Object {
          "instance": null,
          "key": undefined,
          "nodeType": "host",
          "props": Object {
            "children": "Error - GitHub User Not Found",
          },
          "ref": null,
          "rendered": "Error - GitHub User Not Found",
          "type": "p",
        },
      ],
      "type": "div",
    },
  ],
  Symbol(enzyme.__options__): Object {
    "adapter": ReactSixteenAdapter {
      "options": Object {
        "enableComponentDidUpdateOnSetState": true,
        "lifecycles": Object {
          "componentDidUpdate": Object {
            "onSetState": true,
          },
          "getDerivedStateFromProps": true,
          "getSnapshotBeforeUpdate": true,
          "setState": Object {
            "skipsComponentDidUpdateOnNullish": true,
          },
        },
      },
    },
    "attachTo": undefined,
    "hydrateIn": undefined,
  },
}
`;
